[36mvite v6.4.1 [32mbuilding for production...[36m[39m
transforming...
[32mΓ£ô[39m 2441 modules transformed.
[plugin vite:reporter] 
(!) C:/Users/berna/back/src/utils/supabase/client.ts is dynamically imported by C:/Users/berna/back/src/components/Settings.tsx but also statically imported by C:/Users/berna/back/src/components/AuthContext.tsx, C:/Users/berna/back/src/components/ThemeContext.tsx, C:/Users/berna/back/src/services/api.ts, dynamic import will not move module into another chunk.

[plugin vite:reporter] 
(!) C:/Users/berna/back/src/services/api.ts is dynamically imported by C:/Users/berna/back/src/components/AuthContext.tsx, C:/Users/berna/back/src/components/AuthContext.tsx, C:/Users/berna/back/src/components/AuthContext.tsx, C:/Users/berna/back/src/components/AuthContext.tsx, C:/Users/berna/back/src/components/AuthContext.tsx, C:/Users/berna/back/src/components/AuthContext.tsx but also statically imported by C:/Users/berna/back/src/App.tsx, C:/Users/berna/back/src/components/AbsenteeReview.tsx, C:/Users/berna/back/src/components/ActivityLog.tsx, C:/Users/berna/back/src/components/AddMember.tsx, C:/Users/berna/back/src/components/Attendance.tsx, C:/Users/berna/back/src/components/AuthContext.tsx, C:/Users/berna/back/src/components/Dashboard.tsx, C:/Users/berna/back/src/components/EditMember.tsx, C:/Users/berna/back/src/components/ForgotPassword.tsx, C:/Users/berna/back/src/components/Giving.tsx, C:/Users/berna/back/src/components/Layout.tsx, C:/Users/berna/back/src/components/MarkAttendance.tsx, C:/Users/berna/back/src/components/MemberAttendanceHistory.tsx, C:/Users/berna/back/src/components/MemberProfile.tsx, C:/Users/berna/back/src/components/Members.tsx, C:/Users/berna/back/src/components/Notifications.tsx, C:/Users/berna/back/src/components/OtpVerification.tsx, C:/Users/berna/back/src/components/Reports.tsx, C:/Users/berna/back/src/components/Services.tsx, C:/Users/berna/back/src/components/Settings.tsx, C:/Users/berna/back/src/components/SignUp.tsx, C:/Users/berna/back/src/components/ThemeContext.tsx, C:/Users/berna/back/src/components/Visitors.tsx, C:/Users/berna/back/src/hooks/useCachedData.ts, dynamic import will not move module into another chunk.

rendering chunks...
computing gzip size...
[2mbuild/[22m[32mindex.html                 [39m[1m[2m    1.19 kB[22m[1m[22m[2m Γöé gzip:   0.56 kB[22m
[2mbuild/[22m[35massets/index-MxZvuVL6.css  [39m[1m[2m   68.56 kB[22m[1m[22m[2m Γöé gzip:  13.04 kB[22m
[2mbuild/[22m[36massets/index-DLDdiL-v.js   [39m[1m[33m1,431.06 kB[39m[22m[2m Γöé gzip: 372.52 kB[22m

(!) Some chunks are larger than 500 kB after minification. Consider:
- Using dynamic import() to code-split the application
- Use build.rollupOptions.output.manualChunks to improve chunking: https://rollupjs.org/configuration-options/#output-manualchunks
- Adjust chunk size limit for this warning via build.chunkSizeWarningLimit.
[32mΓ£ô built in 8.06s[39m
